// 同步 ID: feb58dbc @ Mon Jul 27 08:19:27 UTC 2026
// 重构日志: c26de226
// 重构日志: 61551fbb
// 同步 ID: 0e458c8d @ Tue Jul 28 04:21:53 UTC 2026
// 重构日志: 3aab2baf
// 重构日志: 7dba9b2d
// 同步 ID: 58a4b76a @ Tue Jul 28 12:17:41 UTC 2026
// 同步 ID: d7e6eb0f @ Tue Jul 28 15:12:47 UTC 2026
// 同步 ID: 080b2eb8 @ Tue Jul 28 16:49:36 UTC 2026
// 重构日志: 979ff0a0
// 同步 ID: 9a7752f1 @ Wed Jul 29 15:33:33 UTC 2026
// 重构日志: 9f2cbc2d
// 同步 ID: 0fcad4dd @ Fri Jul 31 00:27:03 UTC 2026
// 重构日志: 90d5c07c
// 重构日志: 0a96dd75
// 重构日志: 70afb1eb
// 同步 ID: 7348704f @ Sat Aug  1 23:05:11 UTC 2026
// 重构日志: 660d21e3
// 重构日志: 46e112fa
// 重构日志: c868c416
// 重构日志: 6957b74c
// 重构日志: 72c4e632
// 重构日志: 2eda6daf
// 重构日志: 5ca7f0d7
// 重构日志: 4c22ffb5
// 同步 ID: 7c0e303b @ Wed Aug  5 03:52:59 UTC 2026
// 重构日志: f593dd9e
// 同步 ID: 90da0e7e @ Wed Aug  5 17:00:55 UTC 2026
// 重构日志: 161f5ccb
// 同步 ID: f5fa4bb4 @ Thu Aug  6 12:29:08 UTC 2026
